
> smart-helper-website@0.0.0 build
> vite build

[36mvite v7.3.1 [32mbuilding client environment for production...[36m[39m
transforming...
[32mΓ£ô[39m 12 modules transformed.
node.exe : [31mΓ£ù[39m Build failed in 701ms
At line:1 char:1
+ & "C:\Program Files\nodejs/node.exe" "C:\Program 
Files\nodejs/node_mo ...
+ ~~~~~~~~~~~~~~~~~~~~~~~~~~~~~~~~~~~~~~~~~~~~~~~~~~~~~~~
~~~~~~~~~~~~~~
    + CategoryInfo          : NotSpecified: ([31mΓ£ù[3 
   9m Build failed in 701ms:String) [], RemoteException
    + FullyQualifiedErrorId : NativeCommandError
 
[31merror during build:
[31mCould not resolve "./pages/UserDashboard" from 
"src/App.jsx"[31m
file: 
[36mC:/Users/aayus/OneDrive/Desktop/Projects/Smart 
Helper Website/src/App.jsx[31m
    at getRollupError (file:///C:/Users/aayus/OneDrive/De
sktop/Projects/Smart%20Helper%20Website/node_modules/roll
up/dist/es/shared/parseAst.js:402:41)
    at error (file:///C:/Users/aayus/OneDrive/Desktop/Pro
jects/Smart%20Helper%20Website/node_modules/rollup/dist/e
s/shared/parseAst.js:398:42)
    at ModuleLoader.handleInvalidResolvedId (file:///C:/U
sers/aayus/OneDrive/Desktop/Projects/Smart%20Helper%20Web
site/node_modules/rollup/dist/es/shared/node-entry.js:216
87:24)
    at file:///C:/Users/aayus/OneDrive/Desktop/Projects/S
mart%20Helper%20Website/node_modules/rollup/dist/es/share
d/node-entry.js:21647:26[39m
